<html>
<body>
<pre>
<h1>�Vision Build Log</h1>
<h2>Project:</h2>
C:\Users\jlkkkk\Desktop\T90\Project\Keil\Project.uvproj
Project File Date:  08/03/2016

<h2>Output:</h2>
Build target 'FLASH'
compiling DlgSystemSet.c...
..\..\BoardSupport\DlgSystemSet.c(316): warning:  #870-D: invalid multibyte character sequence
                                                GUI_DispStringAt("系统设置�?,SYSTEM_SET_ITEM_X,SYSTEM_SET_Y+15);
..\..\BoardSupport\DlgSystemSet.c(318): warning:  #870-D: invalid multibyte character sequence
                                                GUI_DispStringAt("作业方式�?,SYSTEM_SET_ITEM_MARGIN*2,SYSTEM_SET_ITEM_Y);
..\..\BoardSupport\DlgSystemSet.c(322): warning:  #870-D: invalid multibyte character sequence
                                 GUI_DispStringAt("发射功能�?,SYSTEM_SET_ITEM_MARGIN*2,SYSTEM_SET_ITEM_Y+SYSTEM_SET_ITEM_MARGIN+SYSTEM_SET_ITEM_HEIGHT);
..\..\BoardSupport\DlgSystemSet.c(324): warning:  #870-D: invalid multibyte character sequence
                                                GUI_DispStringAt("开�?,SYSTEM_SET_ITEM_MARGIN*2+SYSTEM_SET_RIGHT_CHOICE+SYSTEM_SET_ITEM_WIDTH,SYSTEM_SET_ITEM_Y+SYSTEM_SET_ITEM_MARGIN+SYSTEM_SET_ITEM_HEIGHT);
..\..\BoardSupport\DlgSystemSet.c(326): warning:  #870-D: invalid multibyte character sequence
                                                GUI_DispStringAt("夜间模式�?,SYSTEM_SET_ITEM_MARGIN*2,SYSTEM_SET_ITEM_Y+SYSTEM_SET_ITEM_MARGIN*2+SYSTEM_SET_ITEM_HEIGHT*2);
..\..\BoardSupport\DlgSystemSet.c(328): warning:  #870-D: invalid multibyte character sequence
                                                GUI_DispStringAt("开�?,SYSTEM_SET_ITEM_MARGIN*2+SYSTEM_SET_RIGHT_CHOICE+SYSTEM_SET_ITEM_WIDTH,SYSTEM_SET_ITEM_Y+SYSTEM_SET_ITEM_MARGIN*2+SYSTEM_SET_ITEM_HEIGHT*2);
..\..\BoardSupport\DlgSystemSet.c(330): warning:  #870-D: invalid multibyte character sequence
                                                GUI_DispStringAt("音量设置�?,SYSTEM_SET_ITEM_MARGIN*2,SYSTEM_SET_ITEM_Y+SYSTEM_SET_ITEM_MARGIN*3+SYSTEM_SET_ITEM_HEIGHT*3);
..\..\BoardSupport\DlgSystemSet.c(334): warning:  #870-D: invalid multibyte character sequence
                                                GUI_DispStringAt("亮度设置�?,SYSTEM_SET_ITEM_MARGIN*2,SYSTEM_SET_ITEM_Y+SYSTEM_SET_ITEM_MARGIN*4+SYSTEM_SET_ITEM_HEIGHT*4);
..\..\BoardSupport\DlgSystemSet.c(338): warning:  #870-D: invalid multibyte character sequence
                                                GUI_DispStringAt("单位设置�?,SYSTEM_SET_ITEM_MARGIN*2,SYSTEM_SET_ITEM_Y+SYSTEM_SET_ITEM_MARGIN*7+SYSTEM_SET_ITEM_HEIGHT*7);
..\..\BoardSupport\DlgSystemSet.c(342): warning:  #870-D: invalid multibyte character sequence
                                                GUI_DispStringAt("软件更新�?,SYSTEM_SET_ITEM_MARGIN*2,SYSTEM_SET_ITEM_Y+SYSTEM_SET_ITEM_MARGIN*8+SYSTEM_SET_ITEM_HEIGHT*8);
..\..\BoardSupport\DlgSystemSet.c(344): warning:  #870-D: invalid multibyte character sequence
                                                GUI_DispStringAt("开�?,SYSTEM_SET_ITEM_MARGIN*2+SYSTEM_SET_RIGHT_CHOICE+SYSTEM_SET_ITEM_WIDTH,SYSTEM_SET_ITEM_Y+SYSTEM_SET_ITEM_MARGIN*8+SYSTEM_SET_ITEM_HEIGHT*8);
..\..\BoardSupport\DlgSystemSet.c(346): warning:  #870-D: invalid multibyte character sequence
                                                GUI_DispStringAt("恢复出厂设置�?,SYSTEM_SET_ITEM_MARGIN*2,SYSTEM_SET_ITEM_Y+SYSTEM_SET_ITEM_MARGIN*9+SYSTEM_SET_ITEM_HEIGHT*9);
..\..\BoardSupport\DlgSystemSet.c(348): warning:  #870-D: invalid multibyte character sequence
                                                GUI_DispStringAt("开�?,SYSTEM_SET_ITEM_MARGIN*2+SYSTEM_SET_RIGHT_CHOICE+SYSTEM_SET_ITEM_WIDTH,SYSTEM_SET_ITEM_Y+SYSTEM_SET_ITEM_MARGIN*9+SYSTEM_SET_ITEM_HEIGHT*9);
..\..\BoardSupport\DlgSystemSet.c(355): warning:  #870-D: invalid multibyte character sequence
                    GUI_DispString("  �? ");
..\..\BoardSupport\DlgSystemSet.c(357): warning:  #870-D: invalid multibyte character sequence
                    GUI_DispString("选择选项，使�?);
..\..\BoardSupport\DlgSystemSet.c(361): warning:  #870-D: invalid multibyte character sequence
                    GUI_DispString("切换开启关闭或者更改参数�?);
..\..\BoardSupport\DlgSystemSet.c(612): warning:  #188-D: enumerated type mixed with another type
     agentsys_set.SOG.on_off = val;
..\..\BoardSupport\DlgSystemSet.c(616): warning:  #188-D: enumerated type mixed with another type
     agentsys_set.COG.on_off = val;
..\..\BoardSupport\DlgSystemSet.c: 18 warnings, 0 errors
linking...
Program Size: Code=195852 RO-data=189988 RW-data=2228 ZI-data=7342116  
FromELF: creating hex file...
".\Flash\Project.axf" - 0 Error(s), 18 Warning(s).
Load "C:\\Users\\jlkkkk\\Desktop\\T90\\Project\\Keil\\Flash\\Project.axf" 
Set JLink Project File to "C:\Users\jlkkkk\Desktop\T90\Project\Keil\JLinkSettings.ini"
* JLink Info: Device "LPC1788" selected (512 KB flash, 64 KB RAM).
 
JLink info:
------------
DLL: V4.80g, compiled Feb 13 2014 20:50:02
Firmware: J-Link ARM-OB STM32 compiled Aug 22 2012 19:52:04
Hardware: V7.00
S/N : 20150519 
Feature(s) : RDI,FlashDL,FlashBP,JFlash,GDBFull 
 
* JLink Info: Found SWD-DP with ID 0x2BA01477
* JLink Info: Found Cortex-M3 r2p0, Little endian.
* JLink Info: FPUnit: 6 code (BP) slots and 2 literal slots
* JLink Info: TPIU fitted.
* JLink Info: ETM fitted.
ROMTableAddr = 0xE00FF003
 
Target info:
------------
Device: LPC1788
VTarget = 3.300V
State of Pins: 
TCK: 0, TDI: 0, TDO: 1, TMS: 0, TRES: 1, TRST: 1
Hardware-Breakpoints: 6
Software-Breakpoints: 8192
Watchpoints:          4
JTAG speed: 4000 kHz
 
Erase Done.
Programming Done.
Verify OK.
Application running ...
e used within a loop or switch
        break;
..\..\BoardSupport\Winconfirm.c(284): error:  #122: a default label may only be used within a switch
    default:
..\..\BoardSupport\Winconfirm.c(286): error:  #116: a break statement may only be used within a loop or switch
      break;
..\..\BoardSupport\Winconfirm.c(35): warning:  #177-D: variable "xSize" was declared but never referenced
        int xSize;
..\..\BoardSupport\Winconfirm.c(36): warning:  #177-D: variable "ySize" was declared but never referenced
        int ySize;  
..\..\BoardSupport\Winconfirm.c(288): error:  #169: expected a declaration
  }
..\..\BoardSupport\Winconfirm.c(321): warning:  #12-D: parsing restarts here after previous syntax error
            BUTTON_Callback(pMsg);
..\..\BoardSupport\Winconfirm.c(322): error:  #169: expected a declaration
            break;
..\..\BoardSupport\Winconfirm.c(324): error:  #169: expected a declaration
                        default:
..\..\BoardSupport\Winconfirm.c(326): error:  #169: expected a declaration
                            break;
..\..\BoardSupport\Winconfirm.c(327): error:  #169: expected a declaration
        }
..\..\BoardSupport\Winconfirm.c(331): warning: At end of source:  #12-D: parsing restarts here after previous syntax error
..\..\BoardSupport\Winconfirm.c(23): error:  #114: function "myButton" was referenced but not defined
  static void myButton(WM_MESSAGE * pMsg);
..\..\BoardSupport\Winconfirm.c(27): warning:  #177-D: function "_cbWindow" was declared but never referenced
  static void _cbWindow(WM_MESSAGE * pMsg) {
..\..\BoardSupport\Winconfirm.c: 9 warnings, 24 errors
".\Flash\Project.axf" - 36 Error(s), 20 Warning(s).
Target not created
p
..\..\BoardSupport\DlgMainMenu.c(349): error:  #29: expected an expression
  >>>>>>> temp
..\..\BoardSupport\DlgMainMenu.c: 12 warnings, 13 errors
compiling Winconfirm.c...
..\..\BoardSupport\Winconfirm.c(37): error:  #29: expected an expression
  <<<<<<< HEAD
..\..\BoardSupport\Winconfirm.c(39): error:  #29: expected an expression
  =======
..\..\BoardSupport\Winconfirm.c(42): error:  #29: expected an expression
  >>>>>>> temp
..\..\BoardSupport\Winconfirm.c(66): warning:  #12-D: parsing restarts here after previous syntax error
         GUI_DrawGradientRoundedV(0, 0, xSize - 1, ySize - 1, 20, pColors->bkTopColor,pColors->bkBottomColor);
..\..\BoardSupport\Winconfirm.c(70): error:  #116: a break statement may only be used within a loop or switch
         break;
..\..\BoardSupport\Winconfirm.c(72): error:  #121: a case label may only be used within a switch
        case USER_MSG_SKIN:
..\..\BoardSupport\Winconfirm.c(79): error:  #116: a break statement may only be used within a loop or switch
         break;
..\..\BoardSupport\Winconfirm.c(81): error:  #121: a case label may only be used within a switch
    case WM_CREATE:
..\..\BoardSupport\Winconfirm.c(132): error:  #116: a break statement may only be used within a loop or switch
         break;
..\..\BoardSupport\Winconfirm.c(134): error:  #121: a case label may only be used within a switch
        case WM_KEY:
..\..\BoardSupport\Winconfirm.c(142): error:  #20: identifier "UserData" is undefined
                                                           WM_GetUserData(pMsg->hWin,&UserData,4);
..\..\BoardSupport\Winconfirm.c(174): error:  #116: a break statement may only be used within a loop or switch
                break;
..\..\BoardSupport\Winconfirm.c(176): error:  #121: a case label may only be used within a switch
    case WM_NOTIFY_PARENT:
..\..\BoardSupport\Winconfirm.c(218): error:  #116: a break statement may only be used within a loop or switch
      break;
..\..\BoardSupport\Winconfirm.c(220): error:  #121: a case label may only be used within a switch
    case USER_MSG_CHOOSE:
..\..\BoardSupport\Winconfirm.c(238): warning:  #870-D: invalid multibyte character sequence
                TEXT_SetText(dlgTextContent, "是否更改设置内容�?);
..\..\BoardSupport\Winconfirm.c(239): error:  #20: identifier "UserData" is undefined
                                                                             UserData = SYS_SETTING;
..\..\BoardSupport\Winconfirm.c(243): warning:  #870-D: invalid multibyte character sequence
                TEXT_SetText(dlgTextContent, "是否恢复出厂设置�?);
..\..\BoardSupport\Winconfirm.c(264): warning:  #870-D: invalid multibyte character sequence
                                                                                    TEXT_SetText(dlgTextContent, "删除�?对该船只报警功能\n恢复正常,是否确认删除?");
..\..\BoardSupport\Winconfirm.c(282): error:  #116: a break statement may only be used within a loop or switch
        break;
..\..\BoardSupport\Winconfirm.c(284): error:  #122: a default label may only be used within a switch
    default:
..\..\BoardSupport\Winconfirm.c(286): error:  #116: a break statement may only be used within a loop or switch
      break;
..\..\BoardSupport\Winconfirm.c(35): warning:  #177-D: variable "xSize" was declared but never referenced
        int xSize;
..\..\BoardSupport\Winconfirm.c(36): warning:  #177-D: variable "ySize" was declared but never referenced
        int ySize;  
..\..\BoardSupport\Winconfirm.c(288): error:  #169: expected a declaration
  }
..\..\BoardSupport\Winconfirm.c(321): warning:  #12-D: parsing restarts here after previous syntax error
            BUTTON_Callback(pMsg);
..\..\BoardSupport\Winconfirm.c(322): error:  #169: expected a declaration
            break;
..\..\BoardSupport\Winconfirm.c(324): error:  #169: expected a declaration
                        default:
..\..\BoardSupport\Winconfirm.c(326): error:  #169: expected a declaration
                            break;
..\..\BoardSupport\Winconfirm.c(327): error:  #169: expected a declaration
        }
..\..\BoardSupport\Winconfirm.c(331): warning: At end of source:  #12-D: parsing restarts here after previous syntax error
..\..\BoardSupport\Winconfirm.c(23): error:  #114: function "myButton" was referenced but not defined
  static void myButton(WM_MESSAGE * pMsg);
..\..\BoardSupport\Winconfirm.c(27): warning:  #177-D: function "_cbWindow" was declared but never referenced
  static void _cbWindow(WM_MESSAGE * pMsg) {
..\..\BoardSupport\Winconfirm.c: 9 warnings, 24 errors
".\Flash\Project.axf" - 37 Error(s), 46 Warning(s).
Target not created
e label may only be used within a switch
    case USER_MSG_CHOOSE:
..\..\BoardSupport\Winconfirm.c(238): warning:  #870-D: invalid multibyte character sequence
                TEXT_SetText(dlgTextContent, "是否更改设置内容�?);
..\..\BoardSupport\Winconfirm.c(239): error:  #20: identifier "UserData" is undefined
                                                                             UserData = SYS_SETTING;
..\..\BoardSupport\Winconfirm.c(243): warning:  #870-D: invalid multibyte character sequence
                TEXT_SetText(dlgTextContent, "是否恢复出厂设置�?);
..\..\BoardSupport\Winconfirm.c(264): warning:  #870-D: invalid multibyte character sequence
                                                                                    TEXT_SetText(dlgTextContent, "删除�?对该船只报警功能\n恢复正常,是否确认删除?");
..\..\BoardSupport\Winconfirm.c(282): error:  #116: a break statement may only be used within a loop or switch
        break;
..\..\BoardSupport\Winconfirm.c(284): error:  #122: a default label may only be used within a switch
    default:
..\..\BoardSupport\Winconfirm.c(286): error:  #116: a break statement may only be used within a loop or switch
      break;
..\..\BoardSupport\Winconfirm.c(35): warning:  #177-D: variable "xSize" was declared but never referenced
        int xSize;
..\..\BoardSupport\Winconfirm.c(36): warning:  #177-D: variable "ySize" was declared but never referenced
        int ySize;  
..\..\BoardSupport\Winconfirm.c(288): error:  #169: expected a declaration
  }
..\..\BoardSupport\Winconfirm.c(321): warning:  #12-D: parsing restarts here after previous syntax error
            BUTTON_Callback(pMsg);
..\..\BoardSupport\Winconfirm.c(322): error:  #169: expected a declaration
            break;
..\..\BoardSupport\Winconfirm.c(324): error:  #169: expected a declaration
                        default:
..\..\BoardSupport\Winconfirm.c(326): error:  #169: expected a declaration
                            break;
..\..\BoardSupport\Winconfirm.c(327): error:  #169: expected a declaration
        }
..\..\BoardSupport\Winconfirm.c(331): warning: At end of source:  #12-D: parsing restarts here after previous syntax error
..\..\BoardSupport\Winconfirm.c(23): error:  #114: function "myButton" was referenced but not defined
  static void myButton(WM_MESSAGE * pMsg);
..\..\BoardSupport\Winconfirm.c(27): warning:  #177-D: function "_cbWindow" was declared but never referenced
  static void _cbWindow(WM_MESSAGE * pMsg) {
..\..\BoardSupport\Winconfirm.c: 9 warnings, 24 errors
".\Flash\Project.axf" - 67 Error(s), 40 Warning(s).
Target not created

                            break;
..\..\BoardSupport\Winconfirm.c(327): error:  #169: expected a declaration
        }
..\..\BoardSupport\Winconfirm.c(331): warning: At end of source:  #12-D: parsing restarts here after previous syntax error
..\..\BoardSupport\Winconfirm.c(23): error:  #114: function "myButton" was referenced but not defined
  static void myButton(WM_MESSAGE * pMsg);
..\..\BoardSupport\Winconfirm.c(27): warning:  #177-D: function "_cbWindow" was declared but never referenced
  static void _cbWindow(WM_MESSAGE * pMsg) {
..\..\BoardSupport\Winconfirm.c: 9 warnings, 24 errors
".\Flash\Project.axf" - 71 Error(s), 42 Warning(s).
Target not created
ntax error
    ________,________,________};
..\..\BoardSupport\_T90_30.c(1400): error:  #169: expected a declaration
  >>>>>>> temp
..\..\BoardSupport\_T90_30.c(1431): warning:  #12-D: parsing restarts here after previous syntax error
    ________,________,________};
..\..\BoardSupport\_T90_30.c(1945): error:  #169: expected a declaration
  <<<<<<< HEAD
..\..\BoardSupport\_T90_30.c(1977): warning:  #12-D: parsing restarts here after previous syntax error
    ________,________,________};
..\..\BoardSupport\_T90_30.c(1979): error:  #169: expected a declaration
  >>>>>>> temp
..\..\BoardSupport\_T90_30.c(2010): warning:  #12-D: parsing restarts here after previous syntax error
    ________,________,________};
..\..\BoardSupport\_T90_30.c(2140): error:  #169: expected a declaration
  <<<<<<< HEAD
..\..\BoardSupport\_T90_30.c(2172): warning:  #12-D: parsing restarts here after previous syntax error
    ________,________,________};
..\..\BoardSupport\_T90_30.c(2174): error:  #169: expected a declaration
  >>>>>>> temp
..\..\BoardSupport\_T90_30.c(2205): warning:  #12-D: parsing restarts here after previous syntax error
    ________,________,________};
..\..\BoardSupport\_T90_30.c(2464): error:  #29: expected an expression
  <<<<<<< HEAD
..\..\BoardSupport\_T90_30.c(2497): error:  #29: expected an expression
  =======
..\..\BoardSupport\_T90_30.c(2562): error:  #148: variable "acGUI_Font_T90_30_62A5" has already been initialized
  GUI_CONST_STORAGE unsigned char acGUI_Font_T90_30_62A5[ 90] = { /* code 62A5 */
..\..\BoardSupport\_T90_30.c(3394): error:  #169: expected a declaration
  <<<<<<< HEAD
..\..\BoardSupport\_T90_30.c(3426): warning:  #12-D: parsing restarts here after previous syntax error
    ________,________,________};
..\..\BoardSupport\_T90_30.c(3428): error:  #169: expected a declaration
  >>>>>>> temp
..\..\BoardSupport\_T90_30.c(3459): warning:  #12-D: parsing restarts here after previous syntax error
    ________,________,________};
..\..\BoardSupport\_T90_30.c(4101): error:  #169: expected a declaration
  <<<<<<< HEAD
..\..\BoardSupport\_T90_30.c(4133): warning:  #12-D: parsing restarts here after previous syntax error
    ________,________,________};
..\..\BoardSupport\_T90_30.c(4167): error:  #169: expected a declaration
  >>>>>>> temp
..\..\BoardSupport\_T90_30.c(4198): warning:  #12-D: parsing restarts here after previous syntax error
    ________,________,________};
..\..\BoardSupport\_T90_30.c(4296): error:  #169: expected a declaration
  <<<<<<< HEAD
..\..\BoardSupport\_T90_30.c(4328): warning:  #12-D: parsing restarts here after previous syntax error
    ________,________,________};
..\..\BoardSupport\_T90_30.c(4426): error:  #169: expected a declaration
  >>>>>>> temp
..\..\BoardSupport\_T90_30.c(4457): warning:  #12-D: parsing restarts here after previous syntax error
    ________,________,________};
..\..\BoardSupport\_T90_30.c(4583): error:  #29: expected an expression
  <<<<<<< HEAD
..\..\BoardSupport\_T90_30.c(4649): error:  #29: expected an expression
  >>>>>>> temp
..\..\BoardSupport\_T90_30.c(4943): error:  #169: expected a declaration
  <<<<<<< HEAD
..\..\BoardSupport\_T90_30.c(5128): warning:  #12-D: parsing restarts here after previous syntax error
  };
..\..\BoardSupport\_T90_30.c(5130): error:  #169: expected a declaration
  <<<<<<< HEAD
..\..\BoardSupport\_T90_30.c(5136): warning:  #12-D: parsing restarts here after previous syntax error
  };
..\..\BoardSupport\_T90_30.c(5141): error:  #20: identifier "GUI_Font_T90_30_CharInfo" is undefined
    ,&GUI_Font_T90_30_CharInfo[112] /* address of first character */
..\..\BoardSupport\_T90_30.c(5142): error:  #20: identifier "GUI_Font_T90_30_Prop102" is undefined
    ,&GUI_Font_T90_30_Prop102 /* pointer to next GUI_FONT_PROP */
..\..\BoardSupport\_T90_30.c(5325): error:  #29: expected an expression
  =======
..\..\BoardSupport\_T90_30.c(5331): warning:  #12-D: parsing restarts here after previous syntax error
  };
..\..\BoardSupport\_T90_30.c(5331): error:  #67: expected a "}"
  };
..\..\BoardSupport\_T90_30.c(5337): error:  #20: identifier "GUI_Font_T90_30_Prop139" is undefined
    ,&GUI_Font_T90_30_Prop139 /* pointer to next GUI_FONT_PROP */
..\..\BoardSupport\_T90_30.c: 21 warnings, 30 errors
compiling T90Color.c...
compiling dlg.c...
compiling MainTask.c...
..\..\BoardSupport\MainTask.c(40): error:  #29: expected an expression
  <<<<<<< HEAD
..\..\BoardSupport\MainTask.c(48): warning:  #870-D: invalid multibyte character sequence
     GUI_DispStringAt("拖网距离安全标终�?,200,200);
..\..\BoardSupport\MainTask.c(57): error:  #29: expected an expression
  =======
..\..\BoardSupport\MainTask.c(65): warning:  #870-D: invalid multibyte character sequence
      GUI_DispStringAt("拖网距离安全标终�?,200,200);
..\..\BoardSupport\MainTask.c(252): error:  #29: expected an expression
  >>>>>>> temp
..\..\BoardSupport\MainTask.c(141): warning:  #177-D: variable "pMsg" was declared but never referenced
        WM_MESSAGE pMsg;      
..\..\BoardSupport\MainTask.c(30): warning:  #177-D: variable "myMsg" was declared but never referenced
     WM_MESSAGE myMsg;
..\..\BoardSupport\MainTask.c(446): error: At end of source:  #67: expected a "}"
..\..\BoardSupport\MainTask.c: 4 warnings, 4 errors
compiling WinWorkMode.c...
compiling WinMainShip.c...
..\..\BoardSupport\WinMainShip.c(76): error:  #29: expected an expression
  <<<<<<< HEAD
..\..\BoardSupport\WinMainShip.c(99): warning:  #12-D: parsing restarts here after previous syntax error
                    WM_DeleteTimer(timer);
..\..\BoardSupport\WinMainShip.c(124): warning:  #111-D: statement is unreachable
  =======
..\..\BoardSupport\WinMainShip.c(124): error:  #29: expected an expression
  =======
..\..\BoardSupport\WinMainShip.c(163): warning:  #12-D: parsing restarts here after previous syntax error
                          break; 
..\..\BoardSupport\WinMainShip.c(210): warning:  #111-D: statement is unreachable
  >>>>>>> temp
..\..\BoardSupport\WinMainShip.c(210): error:  #29: expected an expression
  >>>>>>> temp
..\..\BoardSupport\WinMainShip.c(213): warning:  #12-D: parsing restarts here after previous syntax error
                    monitorState = monitorState == ON? OFF: ON;
..\..\BoardSupport\WinMainShip.c(220): error:  #116: a break statement may only be used within a loop or switch
             break;
..\..\BoardSupport\WinMainShip.c(222): error:  #121: a case label may only be used within a switch
        case WM_PAINT:
..\..\BoardSupport\WinMainShip.c(259): error:  #116: a break statement may only be used within a loop or switch
             break;
..\..\BoardSupport\WinMainShip.c(261): error:  #121: a case label may only be used within a switch
                        case WM_SET_FOCUS:
..\..\BoardSupport\WinMainShip.c(283): error:  #116: a break statement may only be used within a loop or switch
                                         break;
..\..\BoardSupport\WinMainShip.c(285): error:  #122: a default label may only be used within a switch
       default:
..\..\BoardSupport\WinMainShip.c(287): error:  #116: a break statement may only be used within a loop or switch
             break;
..\..\BoardSupport\WinMainShip.c(289): error:  #169: expected a declaration
  }
..\..\BoardSupport\WinMainShip.c(321): warning:  #870-D: invalid multibyte character sequence
     GUI_DispStringAt("航�?, BBS1_ABOVE_X+60, BBS1_ABOVE_Y+20);
..\..\BoardSupport\WinMainShip.c(324): warning:  #870-D: invalid multibyte character sequence
     GUI_DispStringAt("航向�?, BBS1_ABOVE_X+215, BBS1_ABOVE_Y+20);
..\..\BoardSupport\WinMainShip.c(326): warning:  #12-D: parsing restarts here after previous syntax error
     GUI_SetFont(&GUI_Font32B_1); 
..\..\BoardSupport\WinMainShip.c(327): error:  #77-D: this declaration has no storage class or type specifier
     pStrBuf[3]  = 194;
..\..\BoardSupport\WinMainShip.c(327): error:  #147: declaration is incompatible with "char *pStrBuf" (declared at line 7 of "..\..\BoardSupport\str.h")
     pStrBuf[3]  = 194;
..\..\BoardSupport\WinMainShip.c(327): warning:  #520-D: initialization with "{...}" expected for aggregate object
     pStrBuf[3]  = 194;
..\..\BoardSupport\WinMainShip.c(328): error:  #77-D: this declaration has no storage class or type specifier
     pStrBuf[4]  = 176;
..\..\BoardSupport\WinMainShip.c(328): error:  #147: declaration is incompatible with "int pStrBuf[3]" (declared at line 327)
     pStrBuf[4]  = 176;
..\..\BoardSupport\WinMainShip.c(328): warning:  #520-D: initialization with "{...}" expected for aggregate object
     pStrBuf[4]  = 176;
..\..\BoardSupport\WinMainShip.c(329): error:  #77-D: this declaration has no storage class or type specifier
     pStrBuf[5]  = '\0';
..\..\BoardSupport\WinMainShip.c(329): error:  #147: declaration is incompatible with "int pStrBuf[4]" (declared at line 328)
     pStrBuf[5]  = '\0';
..\..\BoardSupport\WinMainShip.c(329): error:  #148: variable "pStrBuf" has already been initialized
     pStrBuf[5]  = '\0';
..\..\BoardSupport\WinMainShip.c(329): warning:  #520-D: initialization with "{...}" expected for aggregate object
     pStrBuf[5]  = '\0';
..\..\BoardSupport\WinMainShip.c(330): error:  #40: expected an identifier
     GUI_DispStringAt(pStrBuf, BBS1_ABOVE_X+295, BBS1_ABOVE_Y+20);
..\..\BoardSupport\WinMainShip.c(330): error:  #40: expected an identifier
     GUI_DispStringAt(pStrBuf, BBS1_ABOVE_X+295, BBS1_ABOVE_Y+20);
..\..\BoardSupport\WinMainShip.c(330): warning:  #77-D: this declaration has no storage class or type specifier
     GUI_DispStringAt(pStrBuf, BBS1_ABOVE_X+295, BBS1_ABOVE_Y+20);
..\..\BoardSupport\WinMainShip.c(330): error:  #92: identifier-list parameters may only be used in a function definition
     GUI_DispStringAt(pStrBuf, BBS1_ABOVE_X+295, BBS1_ABOVE_Y+20);
..\..\BoardSupport\WinMainShip.c(330): error:  #147: declaration is incompatible with "void GUI_DispStringAt(const char *, int, int)" (declared at line 647 of "..\..\emWin\GUI\GUI.h")
     GUI_DispStringAt(pStrBuf, BBS1_ABOVE_X+295, BBS1_ABOVE_Y+20);
..\..\BoardSupport\WinMainShip.c(331): error:  #79: expected a type specifier
     GUI_SetFont(&GUI_Font_T90_30);
..\..\BoardSupport\WinMainShip.c(331): warning:  #77-D: this declaration has no storage class or type specifier
     GUI_SetFont(&GUI_Font_T90_30);
..\..\BoardSupport\WinMainShip.c(331): error:  #147: declaration is incompatible with "const GUI_FONT *GUI_SetFont(const GUI_FONT *)" (declared at line 680 of "..\..\emWin\GUI\GUI.h")
     GUI_SetFont(&GUI_Font_T90_30);
..\..\BoardSupport\WinMainShip.c(332): warning:  #870-D: invalid multibyte character sequence
     GUI_DispStringAt("�? , BBS1_ABOVE_X+317, BBS1_ABOVE_Y+120);
..\..\BoardSupport\WinMainShip.c(332): error:  #79: expected a type specifier
     GUI_DispStringAt("�? , BBS1_ABOVE_X+317, BBS1_ABOVE_Y+120);
..\..\BoardSupport\WinMainShip.c(332): error:  #79: expected a type specifier
     GUI_DispStringAt("�? , BBS1_ABOVE_X+317, BBS1_ABOVE_Y+120);
..\..\BoardSupport\WinMainShip.c(332): error:  #79: expected a type specifier
     GUI_DispStringAt("�? , BBS1_ABOVE_X+317, BBS1_ABOVE_Y+120);
..\..\BoardSupport\WinMainShip.c(332): warning:  #77-D: this declaration has no storage class or type specifier
     GUI_DispStringAt("�? , BBS1_ABOVE_X+317, BBS1_ABOVE_Y+120);
..\..\BoardSupport\WinMainShip.c(334): error:  #79: expected a type specifier
     GUI_SetFont(GUI_FONT_D80);
..\..\BoardSupport\WinMainShip.c(334): warning:  #77-D: this declaration has no storage class or type specifier
     GUI_SetFont(GUI_FONT_D80);
..\..\BoardSupport\WinMainShip.c(336): error:  #169: expected a declaration
         if(MS_isSpeeding)
..\..\BoardSupport\WinMainShip.c(361): warning:  #12-D: parsing restarts here after previous syntax error
                               BBS1_RADIUS, pColor->bbsTopColor, pColor->bbsBottomColor);  
..\..\BoardSupport\WinMainShip.c(363): error:  #757: variable "pColor" is not a type name
     GUI_SetColor(pColor->textColor);                             
..\..\BoardSupport\WinMainShip.c: 17 warnings, 30 errors
compiling DlgMainMenu.c...
..\..\BoardSupport\DlgMainMenu.c(29): error:  #29: expected an expression
  <<<<<<< HEAD
..\..\BoardSupport\DlgMainMenu.c(35): warning:  #12-D: parsing restarts here after previous syntax error
  };
..\..\BoardSupport\DlgMainMenu.c(77): warning:  #111-D: statement is unreachable
  <<<<<<< HEAD
..\..\BoardSupport\DlgMainMenu.c(77): error:  #29: expected an expression
  <<<<<<< HEAD
..\..\BoardSupport\DlgMainMenu.c(81): warning:  #111-D: statement is unreachable
  =======
..\..\BoardSupport\DlgMainMenu.c(81): error:  #29: expected an expression
  =======
..\..\BoardSupport\DlgMainMenu.c(84): warning:  #12-D: parsing restarts here after previous syntax error
                                                                                                                            WM_BringToTop(FleetWin);
..\..\BoardSupport\DlgMainMenu.c(86): warning:  #111-D: statement is unreachable
  >>>>>>> temp
..\..\BoardSupport\DlgMainMenu.c(86): error:  #29: expected an expression
  >>>>>>> temp
..\..\BoardSupport\DlgMainMenu.c(87): error:  #65: expected a ";"
                }
..\..\BoardSupport\DlgMainMenu.c(172): warning:  #111-D: statement is unreachable
  <<<<<<< HEAD
..\..\BoardSupport\DlgMainMenu.c(172): error:  #29: expected an expression
  <<<<<<< HEAD
..\..\BoardSupport\DlgMainMenu.c(176): warning:  #111-D: statement is unreachable
  =======
..\..\BoardSupport\DlgMainMenu.c(176): error:  #29: expected an expression
  =======
..\..\BoardSupport\DlgMainMenu.c(180): warning:  #111-D: statement is unreachable
  >>>>>>> temp
..\..\BoardSupport\DlgMainMenu.c(180): error:  #29: expected an expression
  >>>>>>> temp
..\..\BoardSupport\DlgMainMenu.c(236): error:  #29: expected an expression
  <<<<<<< HEAD
..\..\BoardSupport\DlgMainMenu.c(288): warning:  #870-D: invalid multibyte character sequence
                                                GUI_DispStringAt("主菜�?, 30, 9);
..\..\BoardSupport\DlgMainMenu.c(293): warning:  #111-D: statement is unreachable
  =======
..\..\BoardSupport\DlgMainMenu.c(293): error:  #29: expected an expression
  =======
..\..\BoardSupport\DlgMainMenu.c(303): error:  #2706: case label value has already appeared in this switch at line 246
                                case WM_INIT_DIALOG:
..\..\BoardSupport\DlgMainMenu.c(336): error:  #2706: case label value has already appeared in this switch at line 280
                         case WM_PAINT:
..\..\BoardSupport\DlgMainMenu.c(344): warning:  #870-D: invalid multibyte character sequence
                                                                        GUI_DispStringAt("主菜�?, 30, 9);
..\..\BoardSupport\DlgMainMenu.c(349): warning:  #111-D: statement is unreachable
  >>>>>>> temp
..\..\BoardSupport\DlgMainMenu.c(349): error:  #29: expected an expression
  >>>>>>> temp
..\..\BoardSupport\DlgMainMenu.c: 12 warnings, 13 errors
compiling DlgDstSetMenu.c...
..\..\BoardSupport\DlgDstSetMenu.c(262): warning:  #870-D: invalid multibyte character sequence
              HSD_BUTTON_SetText(buttons[0], "左舷分水�?);
..\..\BoardSupport\DlgDstSetMenu.c(276): warning:  #870-D: invalid multibyte character sequence
              HSD_BUTTON_SetText(buttons[2], "右舷分水�?);
..\..\BoardSupport\DlgDstSetMenu.c(293): warning:  #870-D: invalid multibyte character sequence
             HSD_BUTTON_SetText(buttons[0], "左舷分水�?);
..\..\BoardSupport\DlgDstSetMenu.c(295): warning:  #870-D: invalid multibyte character sequence
             HSD_BUTTON_SetText(buttons[2], "右舷分水�?);
..\..\BoardSupport\DlgDstSetMenu.c: 4 warnings, 0 errors
compiling DlgAlarmSetMenu.c...
..\..\BoardSupport\DlgAlarmSetMenu.c(240): warning:  #870-D: invalid multibyte character sequence
          HSD_BUTTON_SetText(buttons[1], "航速报�?);
..\..\BoardSupport\DlgAlarmSetMenu.c(258): warning:  #870-D: invalid multibyte character sequence
          HSD_BUTTON_SetText(buttons[3], "超速报�?);
..\..\BoardSupport\DlgAlarmSetMenu.c: 2 warnings, 0 errors
compiling DlgSystemSet.c...
..\..\BoardSupport\DlgSystemSet.c(316): warning:  #870-D: invalid multibyte character sequence
                                                GUI_DispStringAt("系统设置�?,SYSTEM_SET_ITEM_X,SYSTEM_SET_Y+15);
..\..\BoardSupport\DlgSystemSet.c(318): warning:  #870-D: invalid multibyte character sequence
                                                GUI_DispStringAt("作业方式�?,SYSTEM_SET_ITEM_MARGIN*2,SYSTEM_SET_ITEM_Y);
..\..\BoardSupport\DlgSystemSet.c(322): warning:  #870-D: invalid multibyte character sequence
                                 GUI_DispStringAt("发射功能�?,SYSTEM_SET_ITEM_MARGIN*2,SYSTEM_SET_ITEM_Y+SYSTEM_SET_ITEM_MARGIN+SYSTEM_SET_ITEM_HEIGHT);
..\..\BoardSupport\DlgSystemSet.c(324): warning:  #870-D: invalid multibyte character sequence
                                                GUI_DispStringAt("开�?,SYSTEM_SET_ITEM_MARGIN*2+SYSTEM_SET_RIGHT_CHOICE+SYSTEM_SET_ITEM_WIDTH,SYSTEM_SET_ITEM_Y+SYSTEM_SET_ITEM_MARGIN+SYSTEM_SET_ITEM_HEIGHT);
..\..\BoardSupport\DlgSystemSet.c(326): warning:  #870-D: invalid multibyte character sequence
                                                GUI_DispStringAt("夜间模式�?,SYSTEM_SET_ITEM_MARGIN*2,SYSTEM_SET_ITEM_Y+SYSTEM_SET_ITEM_MARGIN*2+SYSTEM_SET_ITEM_HEIGHT*2);
..\..\BoardSupport\DlgSystemSet.c(328): warning:  #870-D: invalid multibyte character sequence
                                                GUI_DispStringAt("开�?,SYSTEM_SET_ITEM_MARGIN*2+SYSTEM_SET_RIGHT_CHOICE+SYSTEM_SET_ITEM_WIDTH,SYSTEM_SET_ITEM_Y+SYSTEM_SET_ITEM_MARGIN*2+SYSTEM_SET_ITEM_HEIGHT*2);
..\..\BoardSupport\DlgSystemSet.c(330): warning:  #870-D: invalid multibyte character sequence
                                                GUI_DispStringAt("音量设置�?,SYSTEM_SET_ITEM_MARGIN*2,SYSTEM_SET_ITEM_Y+SYSTEM_SET_ITEM_MARGIN*3+SYSTEM_SET_ITEM_HEIGHT*3);
..\..\BoardSupport\DlgSystemSet.c(334): warning:  #870-D: invalid multibyte character sequence
                                                GUI_DispStringAt("亮度设置�?,SYSTEM_SET_ITEM_MARGIN*2,SYSTEM_SET_ITEM_Y+SYSTEM_SET_ITEM_MARGIN*4+SYSTEM_SET_ITEM_HEIGHT*4);
..\..\BoardSupport\DlgSystemSet.c(338): warning:  #870-D: invalid multibyte character sequence
                                                GUI_DispStringAt("单位设置�?,SYSTEM_SET_ITEM_MARGIN*2,SYSTEM_SET_ITEM_Y+SYSTEM_SET_ITEM_MARGIN*7+SYSTEM_SET_ITEM_HEIGHT*7);
..\..\BoardSupport\DlgSystemSet.c(342): warning:  #870-D: invalid multibyte character sequence
                                                GUI_DispStringAt("软件更新�?,SYSTEM_SET_ITEM_MARGIN*2,SYSTEM_SET_ITEM_Y+SYSTEM_SET_ITEM_MARGIN*8+SYSTEM_SET_ITEM_HEIGHT*8);
..\..\BoardSupport\DlgSystemSet.c(344): warning:  #870-D: invalid multibyte character sequence
                                                GUI_DispStringAt("开�?,SYSTEM_SET_ITEM_MARGIN*2+SYSTEM_SET_RIGHT_CHOICE+SYSTEM_SET_ITEM_WIDTH,SYSTEM_SET_ITEM_Y+SYSTEM_SET_ITEM_MARGIN*8+SYSTEM_SET_ITEM_HEIGHT*8);
..\..\BoardSupport\DlgSystemSet.c(346): warning:  #870-D: invalid multibyte character sequence
                                                GUI_DispStringAt("恢复出厂设置�?,SYSTEM_SET_ITEM_MARGIN*2,SYSTEM_SET_ITEM_Y+SYSTEM_SET_ITEM_MARGIN*9+SYSTEM_SET_ITEM_HEIGHT*9);
..\..\BoardSupport\DlgSystemSet.c(348): warning:  #870-D: invalid multibyte character sequence
                                                GUI_DispStringAt("开�?,SYSTEM_SET_ITEM_MARGIN*2+SYSTEM_SET_RIGHT_CHOICE+SYSTEM_SET_ITEM_WIDTH,SYSTEM_SET_ITEM_Y+SYSTEM_SET_ITEM_MARGIN*9+SYSTEM_SET_ITEM_HEIGHT*9);
..\..\BoardSupport\DlgSystemSet.c(355): warning:  #870-D: invalid multibyte character sequence
                    GUI_DispString("  �? ");
..\..\BoardSupport\DlgSystemSet.c(357): warning:  #870-D: invalid multibyte character sequence
                    GUI_DispString("选择选项，使�?);
..\..\BoardSupport\DlgSystemSet.c(361): warning:  #870-D: invalid multibyte character sequence
                    GUI_DispString("切换开启关闭或者更改参数�?);
..\..\BoardSupport\DlgSystemSet.c(612): warning:  #188-D: enumerated type mixed with another type
     agentsys_set.SOG.on_off = val;
..\..\BoardSupport\DlgSystemSet.c(616): warning:  #188-D: enumerated type mixed with another type
     agentsys_set.COG.on_off = val;
..\..\BoardSupport\DlgSystemSet.c: 18 warnings, 0 errors
compiling DlgSpecialAlarmSet.c...
..\..\BoardSupport\DlgSpecialAlarmSet.c(180): warning:  #870-D: invalid multibyte character sequence
              GUI_DispString("  �? ");
..\..\BoardSupport\DlgSpecialAlarmSet.c(182): warning:  #870-D: invalid multibyte character sequence
              GUI_DispString("选择选项，使�?);
..\..\BoardSupport\DlgSpecialAlarmSet.c(186): warning:  #870-D: invalid multibyte character sequence
              GUI_DispString("切换开关�?);
..\..\BoardSupport\DlgSpecialAlarmSet.c(193): warning:  #870-D: invalid multibyte character sequence
                                GUI_DispStringAt("开�?,  SLIDER_ORG_X+SLIDER_WIDTH+2, SLIDER_ORG_Y+(SLIDER_HEIGHT+SLIDER_MARGIN)*i);
..\..\BoardSupport\DlgSpecialAlarmSet.c(195): warning:  #870-D: invalid multibyte character sequence
                        GUI_DispStringAt("台湾�?, 45,             SLIDER_ORG_Y+(SLIDER_HEIGHT+SLIDER_MARGIN)*0);
..\..\BoardSupport\DlgSpecialAlarmSet.c(196): warning:  #870-D: invalid multibyte character sequence
                        GUI_DispStringAt("日本�?, 45,             SLIDER_ORG_Y+(SLIDER_HEIGHT+SLIDER_MARGIN)*1);
..\..\BoardSupport\DlgSpecialAlarmSet.c(197): warning:  #870-D: invalid multibyte character sequence
                        GUI_DispStringAt("韩国�?, 45,             SLIDER_ORG_Y+(SLIDER_HEIGHT+SLIDER_MARGIN)*2);
..\..\BoardSupport\DlgSpecialAlarmSet.c(198): warning:  #870-D: invalid multibyte character sequence
                        GUI_DispStringAt("朝鲜�?, 45,             SLIDER_ORG_Y+(SLIDER_HEIGHT+SLIDER_MARGIN)*3);
..\..\BoardSupport\DlgSpecialAlarmSet.c(199): warning:  #870-D: invalid multibyte character sequence
                        GUI_DispStringAt("印尼�?, 45,             SLIDER_ORG_Y+(SLIDER_HEIGHT+SLIDER_MARGIN)*4);
..\..\BoardSupport\DlgSpecialAlarmSet.c(200): warning:  #870-D: invalid multibyte character sequence
                        GUI_DispStringAt("越南�?, 45,             SLIDER_ORG_Y+(SLIDER_HEIGHT+SLIDER_MARGIN)*5);
..\..\BoardSupport\DlgSpecialAlarmSet.c: 10 warnings, 0 errors
compiling WinSingleShipDstSet.c...
..\..\BoardSupport\WinSingleShipDstSet.c(381): warning:  #870-D: invalid multibyte character sequence
          HSD_DIMENSION_SetUnitText(hDimensions[0], "�?);
..\..\BoardSupport\WinSingleShipDstSet.c(394): warning:  #870-D: invalid multibyte character sequence
          HSD_DIMENSION_SetUnitText(hDimensions[1], "�?);
..\..\BoardSupport\WinSingleShipDstSet.c(407): warning:  #870-D: invalid multibyte character sequence
          HSD_DIMENSION_SetUnitText(hDimensions[4], "�?);
..\..\BoardSupport\WinSingleShipDstSet.c(420): warning:  #870-D: invalid multibyte character sequence
          HSD_DIMENSION_SetUnitText(hDimensions[3], "�?);
..\..\BoardSupport\WinSingleShipDstSet.c(433): warning:  #870-D: invalid multibyte character sequence
          HSD_DIMENSION_SetUnitText(hDimensions[2], "�?);
..\..\BoardSupport\WinSingleShipDstSet.c(493): warning:  #870-D: invalid multibyte character sequence
          GUI_DispString("选择选项，使�?);
..\..\BoardSupport\WinSingleShipDstSet.c(495): warning:  #870-D: invalid multibyte character sequence
          GUI_DispString("  �? ");
..\..\BoardSupport\WinSingleShipDstSet.c(497): warning:  #870-D: invalid multibyte character sequence
          GUI_DispString("选择数字�?);
..\..\BoardSupport\WinSingleShipDstSet.c(519): warning:  #870-D: invalid multibyte character sequence
             GUI_DispStringAt("�?, orgX-8, orgY+12);
..\..\BoardSupport\WinSingleShipDstSet.c(520): warning:  #870-D: invalid multibyte character sequence
                     GUI_DispStringAt("�?, orgX-8, orgY+10+GUI_GetFontSizeY());
..\..\BoardSupport\WinSingleShipDstSet.c(25): warning:  #177-D: variable "tipStrArea" was declared but never referenced
  static const GUI_RECT tipStrArea = {50, DST_SET_HEIGHT-50 +2, DST_SET_WIDTH-50, DST_SET_HEIGHT-50 +32};
..\..\BoardSupport\WinSingleShipDstSet.c: 11 warnings, 0 errors
compiling WinDoubleShipDstSet.c...
..\..\BoardSupport\WinDoubleShipDstSet.c(30): warning:  #1295-D: Deprecated declaration pointyPretreatment - give arg types
  int pointyPretreatment();
..\..\BoardSupport\WinDoubleShipDstSet.c(52): warning:  #177-D: variable "i" was declared but never referenced
     int i = 0;   
..\..\BoardSupport\WinDoubleShipDstSet.c(55): warning:  #550-D: variable "tmpsafety2_to_Mo" was set but never used
     int tmpsafety2_to_Mo;
..\..\BoardSupport\WinDoubleShipDstSet.c(516): warning:  #870-D: invalid multibyte character sequence
             HSD_DIMENSION_EX_SetUnitText(hExDim[0], "�?);
..\..\BoardSupport\WinDoubleShipDstSet.c(534): warning:  #870-D: invalid multibyte character sequence
             HSD_DIMENSION_EX_SetUnitText(hExDim[1], "�?);
..\..\BoardSupport\WinDoubleShipDstSet.c(552): warning:  #870-D: invalid multibyte character sequence
             HSD_DIMENSION_EX_SetUnitText(hExDim[2], "�?);
..\..\BoardSupport\WinDoubleShipDstSet.c(570): warning:  #870-D: invalid multibyte character sequence
             HSD_DIMENSION_EX_SetUnitText(hExDim[3], "�?);
..\..\BoardSupport\WinDoubleShipDstSet.c(588): warning:  #870-D: invalid multibyte character sequence
             HSD_DIMENSION_EX_SetUnitText(hExDim[4], "�?);
..\..\BoardSupport\WinDoubleShipDstSet.c(613): warning:  #940-D: missing return statement at end of non-void function "WIN_doubleShipDstSetCreate"
  }
..\..\BoardSupport\WinDoubleShipDstSet.c(609): warning:  #550-D: variable "handle" was set but never used
     WM_HWIN handle;
..\..\BoardSupport\WinDoubleShipDstSet.c(645): warning:  #870-D: invalid multibyte character sequence
      GUI_DispStringAt("�?, xPos_M-8, yPos_M+12);
..\..\BoardSupport\WinDoubleShipDstSet.c(646): warning:  #870-D: invalid multibyte character sequence
      GUI_DispStringAt("�?, xPos_M-8, yPos_M+10+GUI_GetFontSizeY());
..\..\BoardSupport\WinDoubleShipDstSet.c(674): warning:  #870-D: invalid multibyte character sequence
     GUI_DispString("选择选项，使�?);
..\..\BoardSupport\WinDoubleShipDstSet.c(676): warning:  #870-D: invalid multibyte character sequence
     GUI_DispString("  �? ");
..\..\BoardSupport\WinDoubleShipDstSet.c(678): warning:  #870-D: invalid multibyte character sequence
     GUI_DispString("选择数字�?);
..\..\BoardSupport\WinDoubleShipDstSet.c(32): warning:  #177-D: variable "tipStrArea" was declared but never referenced
  static const GUI_RECT tipStrArea = {50, DST_SET_HEIGHT-50 +2 , DST_SET_WIDTH -50, DST_SET_HEIGHT -50 +32};
..\..\BoardSupport\WinDoubleShipDstSet.c(38): warning:  #550-D: variable "prevwhichFig" was set but never used
  static uint8_t prevwhichFig = 0;
..\..\BoardSupport\WinDoubleShipDstSet.c: 17 warnings, 0 errors
compiling WinInvdAlarmSet.c...
..\..\BoardSupport\WinInvdAlarmSet.c(251): warning:  #111-D: statement is unreachable
                      break;
..\..\BoardSupport\WinInvdAlarmSet.c(335): warning:  #870-D: invalid multibyte character sequence
           GUI_DispString("调整数字�?);
..\..\BoardSupport\WinInvdAlarmSet.c(383): warning:  #870-D: invalid multibyte character sequence
              GUI_DispStringAt("�?, orgX-8, orgY+12);
..\..\BoardSupport\WinInvdAlarmSet.c(384): warning:  #870-D: invalid multibyte character sequence
              GUI_DispStringAt("�?, orgX-8, orgY+10+GUI_GetFontSizeY());
..\..\BoardSupport\WinInvdAlarmSet.c(387): warning:  #870-D: invalid multibyte character sequence
              GUI_DispStringAt("范围�?, orgX+ALARM_RADIUS+30, 208);
..\..\BoardSupport\WinInvdAlarmSet.c(404): warning:  #870-D: invalid multibyte character sequence
              GUI_DispStringAt("闯入报警�?, drawArea.x0, drawArea.y0 - 60);
..\..\BoardSupport\WinInvdAlarmSet.c(406): warning:  #870-D: invalid multibyte character sequence
              GUI_DispStringAt("开�?, drawArea.x0+125+SLIDER_WIDTH+50,drawArea.y0 - 60);
..\..\BoardSupport\WinInvdAlarmSet.c: 7 warnings, 0 errors
compiling WinSpdingAlarmSet.c...
..\..\BoardSupport\WinSpdingAlarmSet.c(306): warning:  #870-D: invalid multibyte character sequence
              GUI_DispString("选择选项，使�?);
..\..\BoardSupport\WinSpdingAlarmSet.c(308): warning:  #870-D: invalid multibyte character sequence
              GUI_DispString("  �? ");
..\..\BoardSupport\WinSpdingAlarmSet.c(310): warning:  #870-D: invalid multibyte character sequence
              GUI_DispString("选择数字�?);
..\..\BoardSupport\WinSpdingAlarmSet.c(318): warning:  #870-D: invalid multibyte character sequence
              GUI_DispStringAt("报警航�?, 50, ALARM_SET_HEIGHT/2-10);
..\..\BoardSupport\WinSpdingAlarmSet.c(319): warning:  #870-D: invalid multibyte character sequence
              GUI_DispStringAt("�?, ALARM_SET_WIDTH-70, ALARM_SET_HEIGHT/2-10);
..\..\BoardSupport\WinSpdingAlarmSet.c(322): warning:  #870-D: invalid multibyte character sequence
              GUI_DispStringAt("开�?, drawArea.x0+125+SLIDER_WIDTH+50,drawArea.y0 - 60);
..\..\BoardSupport\WinSpdingAlarmSet.c(240): warning:  #177-D: variable "i" was declared but never referenced
        int i;
..\..\BoardSupport\WinSpdingAlarmSet.c: 7 warnings, 0 errors
compiling WinSogAlarmSet.c...
..\..\BoardSupport\WinSogAlarmSet.c(343): warning:  #870-D: invalid multibyte character sequence
              GUI_DispString("选择选项，使�?);
..\..\BoardSupport\WinSogAlarmSet.c(345): warning:  #870-D: invalid multibyte character sequence
              GUI_DispString("  �? ");
..\..\BoardSupport\WinSogAlarmSet.c(347): warning:  #870-D: invalid multibyte character sequence
              GUI_DispString("选择数字�?);
..\..\BoardSupport\WinSogAlarmSet.c(358): warning:  #870-D: invalid multibyte character sequence
              GUI_DispStringAt("正常航�?, ALARM_SET_WIDTH/2-45, ALARM_SET_HEIGHT/2-105);
..\..\BoardSupport\WinSogAlarmSet.c(359): warning:  #870-D: invalid multibyte character sequence
              GUI_DispStringAt("�?, ALARM_SET_WIDTH/2-39, ALARM_SET_HEIGHT/2-8);
..\..\BoardSupport\WinSogAlarmSet.c(360): warning:  #870-D: invalid multibyte character sequence
              GUI_DispStringAt("�?, ALARM_SET_WIDTH/2+161, ALARM_SET_HEIGHT/2-8);
..\..\BoardSupport\WinSogAlarmSet.c(364): warning:  #870-D: invalid multibyte character sequence
              GUI_DispStringAt("开�?, drawArea.x0+125+SLIDER_WIDTH+50,drawArea.y0 - 60);
..\..\BoardSupport\WinSogAlarmSet.c: 7 warnings, 0 errors
compiling Winconfirm.c...
..\..\BoardSupport\Winconfirm.c(37): error:  #29: expected an expression
  <<<<<<< HEAD
..\..\BoardSupport\Winconfirm.c(39): error:  #29: expected an expression
  =======
..\..\BoardSupport\Winconfirm.c(42): error:  #29: expected an expression
  >>>>>>> temp
..\..\BoardSupport\Winconfirm.c(66): warning:  #12-D: parsing restarts here after previous syntax error
         GUI_DrawGradientRoundedV(0, 0, xSize - 1, ySize - 1, 20, pColors->bkTopColor,pColors->bkBottomColor);
..\..\BoardSupport\Winconfirm.c(70): error:  #116: a break statement may only be used within a loop or switch
         break;
..\..\BoardSupport\Winconfirm.c(72): error:  #121: a case label may only be used within a switch
        case USER_MSG_SKIN:
..\..\BoardSupport\Winconfirm.c(79): error:  #116: a break statement may only be used within a loop or switch
         break;
..\..\BoardSupport\Winconfirm.c(81): error:  #121: a case label may only be used within a switch
    case WM_CREATE:
..\..\BoardSupport\Winconfirm.c(132): error:  #116: a break statement may only be used within a loop or switch
         break;
..\..\BoardSupport\Winconfirm.c(134): error:  #121: a case label may only be used within a switch
        case WM_KEY:
..\..\BoardSupport\Winconfirm.c(142): error:  #20: identifier "UserData" is undefined
                                                           WM_GetUserData(pMsg->hWin,&UserData,4);
..\..\BoardSupport\Winconfirm.c(174): error:  #116: a break statement may only be used within a loop or switch
                break;
..\..\BoardSupport\Winconfirm.c(176): error:  #121: a case label may only be used within a switch
    case WM_NOTIFY_PARENT:
..\..\BoardSupport\Winconfirm.c(218): error:  #116: a break statement may only be used within a loop or switch
      break;
..\..\BoardSupport\Winconfirm.c(220): error:  #121: a case label may only be used within a switch
    case USER_MSG_CHOOSE:
..\..\BoardSupport\Winconfirm.c(238): warning:  #870-D: invalid multibyte character sequence
                TEXT_SetText(dlgTextContent, "是否更改设置内容�?);
..\..\BoardSupport\Winconfirm.c(239): error:  #20: identifier "UserData" is undefined
                                                                             UserData = SYS_SETTING;
..\..\BoardSupport\Winconfirm.c(243): warning:  #870-D: invalid multibyte character sequence
                TEXT_SetText(dlgTextContent, "是否恢复出厂设置�?);
..\..\BoardSupport\Winconfirm.c(264): warning:  #870-D: invalid multibyte character sequence
                                                                                    TEXT_SetText(dlgTextContent, "删除�?对该船只报警功能\n恢复正常,是否确认删除?");
..\..\BoardSupport\Winconfirm.c(282): error:  #116: a break statement may only be used within a loop or switch
        break;
..\..\BoardSupport\Winconfirm.c(284): error:  #122: a default label may only be used within a switch
    default:
..\..\BoardSupport\Winconfirm.c(286): error:  #116: a break statement may only be used within a loop or switch
      break;
..\..\BoardSupport\Winconfirm.c(35): warning:  #177-D: variable "xSize" was declared but never referenced
        int xSize;
..\..\BoardSupport\Winconfirm.c(36): warning:  #177-D: variable "ySize" was declared but never referenced
        int ySize;  
..\..\BoardSupport\Winconfirm.c(288): error:  #169: expected a declaration
  }
..\..\BoardSupport\Winconfirm.c(321): warning:  #12-D: parsing restarts here after previous syntax error
            BUTTON_Callback(pMsg);
..\..\BoardSupport\Winconfirm.c(322): error:  #169: expected a declaration
            break;
..\..\BoardSupport\Winconfirm.c(324): error:  #169: expected a declaration
                        default:
..\..\BoardSupport\Winconfirm.c(326): error:  #169: expected a declaration
                            break;
..\..\BoardSupport\Winconfirm.c(327): error:  #169: expected a declaration
        }
..\..\BoardSupport\Winconfirm.c(331): warning: At end of source:  #12-D: parsing restarts here after previous syntax error
..\..\BoardSupport\Winconfirm.c(23): error:  #114: function "myButton" was referenced but not defined
  static void myButton(WM_MESSAGE * pMsg);
..\..\BoardSupport\Winconfirm.c(27): warning:  #177-D: function "_cbWindow" was declared but never referenced
  static void _cbWindow(WM_MESSAGE * pMsg) {
..\..\BoardSupport\Winconfirm.c: 9 warnings, 24 errors
compiling WinAlarmMonitor.c...
..\..\BoardSupport\WinAlarmMonitor.c(223): warning:  #870-D: invalid multibyte character sequence
        GUI_DispStringAt("�?, 445, 5);
..\..\BoardSupport\WinAlarmMonitor.c(224): warning:  #870-D: invalid multibyte character sequence
        GUI_DispStringAt("航向�?, 480, 5);
..\..\BoardSupport\WinAlarmMonitor.c: 2 warnings, 0 errors
compiling plot.c...
..\..\BoardSupport\plot.c(137): warning:  #177-D: variable "points" was declared but never referenced
     Point points,pointe;
..\..\BoardSupport\plot.c(137): warning:  #177-D: variable "pointe" was declared but never referenced
     Point points,pointe;
..\..\BoardSupport\plot.c: 2 warnings, 0 errors
compiling DispSOGNums.c...
compiling WinHighSpeedShipSet.c...
..\..\BoardSupport\WinHighSpeedShipSet.c(305): warning:  #870-D: invalid multibyte character sequence
           GUI_DispString("选择选项，使�?);
..\..\BoardSupport\WinHighSpeedShipSet.c(307): warning:  #870-D: invalid multibyte character sequence
           GUI_DispString("  �? ");
..\..\BoardSupport\WinHighSpeedShipSet.c(309): warning:  #870-D: invalid multibyte character sequence
           GUI_DispString("选择数字�?);
..\..\BoardSupport\WinHighSpeedShipSet.c(317): warning:  #870-D: invalid multibyte character sequence
                                 GUI_DispStringAt("报警航�?, 50, ALARM_SET_HEIGHT/2-10);
..\..\BoardSupport\WinHighSpeedShipSet.c(318): warning:  #870-D: invalid multibyte character sequence
                                 GUI_DispStringAt("�?, ALARM_SET_WIDTH-70, ALARM_SET_HEIGHT/2-10);
..\..\BoardSupport\WinHighSpeedShipSet.c(319): warning:  #870-D: invalid multibyte character sequence
                      GUI_DispStringAt("高速船报警�?, drawArea.x0, drawArea.y0 - 60);
..\..\BoardSupport\WinHighSpeedShipSet.c(321): warning:  #870-D: invalid multibyte character sequence
              GUI_DispStringAt("开�?, drawArea.x0+140+SLIDER_WIDTH+50,drawArea.y0 - 60);
..\..\BoardSupport\WinHighSpeedShipSet.c(239): warning:  #177-D: variable "i" was declared but never referenced
        int i;
..\..\BoardSupport\WinHighSpeedShipSet.c: 8 warnings, 0 errors
compiling WinMMSISet.c...
..\..\BoardSupport\WinMMSISet.h(122): warning:  #1-D: last line of file ends without a newline
                                                                                                                                                                                                                                        
..\..\BoardSupport\WinMMSISet.c(90): warning:  #177-D: variable "i" was declared but never referenced
        int i;
..\..\BoardSupport\WinMMSISet.c(91): warning:  #177-D: variable "textbuf" was declared but never referenced
        char textbuf[10];
..\..\BoardSupport\WinMMSISet.c(92): warning:  #177-D: variable "hWin" was declared but never referenced
        WM_HWIN hWin;
..\..\BoardSupport\WinMMSISet.c(230): warning:  #870-D: invalid multibyte character sequence
                                                                                                                                                        TEXT_SetText(Hint,"请输入完整的九位�?"); //don't forget to change
..\..\BoardSupport\WinMMSISet.c(149): warning:  #177-D: variable "myMsg" was declared but never referenced
   WM_MESSAGE myMsg;
..\..\BoardSupport\WinMMSISet.c(153): warning:  #177-D: variable "key" was declared but never referenced
        int key;
..\..\BoardSupport\WinMMSISet.c(337): warning:  #177-D: variable "NCode" was declared but never referenced
        int NCode, Id;
..\..\BoardSupport\WinMMSISet.c(337): warning:  #177-D: variable "Id" was declared but never referenced
        int NCode, Id;
..\..\BoardSupport\WinMMSISet.c(474): warning:  #177-D: variable "NCode" was declared but never referenced
        int NCode, Id;
..\..\BoardSupport\WinMMSISet.c(474): warning:  #177-D: variable "Id" was declared but never referenced
        int NCode, Id;
..\..\BoardSupport\WinMMSISet.c(476): warning:  #177-D: variable "AutoDev" was declared but never referenced
        GUI_AUTODEV AutoDev;
..\..\BoardSupport\WinMMSISet.c(477): warning:  #177-D: variable "AutoDevInfo" was declared but never referenced
        GUI_AUTODEV_INFO AutoDevInfo;
..\..\BoardSupport\WinMMSISet.c(28): warning:  #177-D: variable "pSkin" was declared but never referenced
  static const BUTTON_SKINFLEX_PROPS *pSkin; //= btSkin[0];
..\..\BoardSupport\WinMMSISet.c: 14 warnings, 0 errors
compiling WinFleet.c...
..\..\BoardSupport\WinFleet.c(197): warning:  #177-D: variable "UserData" was declared but never referenced
        char UserData;//窗口数据
..\..\BoardSupport\WinFleet.c(343): warning:  #870-D: invalid multibyte character sequence
                     GUI_DispStringInRectWrap("已屏蔽船只列�?,&title,GUI_TA_VCENTER|GUI_TA_HCENTER,GUI_WRAPMODE_WORD);
..\..\BoardSupport\WinFleet.c(344): warning:  #870-D: invalid multibyte character sequence
                     GUI_DispStringInRect("九位�?,&Head,GUI_TA_VCENTER|GUI_TA_HCENTER);
..\..\BoardSupport\WinFleet.c(346): warning:  #870-D: invalid multibyte character sequence
                                                        GUI_DispStringInRectWrap("船只添加到“我的船队”后,不触发闯入报�?",&note,GUI_TA_VCENTER,GUI_WRAPMODE_WORD);
..\..\BoardSupport\WinFleet.c(261): warning:  #177-D: variable "myMsg" was declared but never referenced
        WM_MESSAGE myMsg;
..\..\BoardSupport\WinFleet.c(262): warning:  #177-D: variable "pProps" was declared but never referenced
        BUTTON_SKINFLEX_PROPS pProps[1];
..\..\BoardSupport\WinFleet.c(33): warning:  #177-D: variable "listview" was declared but never referenced
  static WM_HWIN listview;
..\..\BoardSupport\WinFleet.c(34): warning:  #177-D: variable "listviewfocus" was declared but never referenced
  static int listviewfocus=0;
..\..\BoardSupport\WinFleet.c(53): warning:  #177-D: variable "pColor" was declared but never referenced
  static const MenuColor *pColor = subMenuColors;
..\..\BoardSupport\WinFleet.c: 9 warnings, 0 errors
compiling GUIConf.c...
compiling HSD_SLIDER.c...
compiling HSD_BUTTON.c...
compiling HSD_GUI__SetText.c...
compiling HSD_DIMENSION.c...
..\..\BoardSupport\HSD_DIMENSION.c(26): warning:  #550-D: variable "unitColor" was set but never used
     GUI_COLOR unitColor;
..\..\BoardSupport\HSD_DIMENSION.c(170): warning:  #177-D: function "_OnKey" was declared but never referenced
  static void _OnKey(HSD_DIMENSION_Handle hObj,  WM_MESSAGE* pMsg){
..\..\BoardSupport\HSD_DIMENSION.c(30): warning: C4017W: pixelWidthUnit may be used before being set
   I16 pixelWidthUnit;
..\..\BoardSupport\HSD_DIMENSION.c: 3 warnings, 0 errors
compiling HSD_STICKFIGURE.c...
compiling HSD_DIMENSION_EX.c...
..\..\BoardSupport\HSD_DIMENSION_EX.c(26): warning:  #550-D: variable "unitColor" was set but never used
     GUI_COLOR unitColor;
..\..\BoardSupport\HSD_DIMENSION_EX.c(30): warning: C4017W: unitTextWidth may be used before being set
   I16 unitTextWidth;
..\..\BoardSupport\HSD_DIMENSION_EX.c: 2 warnings, 0 errors
compiling HSD_Toast.c...
..\..\BoardSupport\HSD_Toast.c(33): warning:  #550-D: variable "myToastTimer" was set but never used
  static WM_HTIMER myToastTimer;
..\..\BoardSupport\HSD_Toast.c: 1 warning, 0 errors
".\Flash\Project.axf" - 131 Error(s), 249 Warning(s).
Target not created
