<html>
<body>
<pre>
<h1>µVision Build Log</h1>
<h2>Project:</h2>
C:\Users\lenovo\Desktop\hsd\Release_1788\Project\Keil\Project.uvproj
Project File Date:  04/15/2016

<h2>Output:</h2>
Load "C:\\Users\\lenovo\\Desktop\\hsd\\Release_1788\\Project\\Keil\\Flash\\Project.axf" 
Set JLink Project File to "C:\Users\lenovo\Desktop\hsd\Release_1788\Project\Keil\JLinkSettings.ini"
* JLink Info: Device "LPC1788" selected (512 KB flash, 64 KB RAM).
 
JLink info:
------------
DLL: V4.68a, compiled Apr 12 2013 13:26:50
Firmware: J-Link ARM-OB STM32 compiled Aug 22 2012 19:52:04
Hardware: V7.00
S/N : 20150701 
Feature(s) : RDI,FlashDL,FlashBP,JFlash,GDBFull 
 
* JLink Info: Found SWD-DP with ID 0x2BA01477
* JLink Info: TPIU fitted.
* JLink Info: ETM fitted.
* JLink Info: FPUnit: 6 code (BP) slots and 2 literal slots
* JLink Info: Found Cortex-M3 r2p0, Little endian.
ROMTableAddr = 0xE00FF003
 
Target info:
------------
Device: LPC1788
VTarget = 3.300V
State of Pins: 
TCK: 0, TDI: 0, TDO: 1, TMS: 0, TRES: 1, TRST: 1
Hardware-Breakpoints: 6
Software-Breakpoints: 8192
Watchpoints:          4
JTAG speed: 4000 kHz
 
Erase Done.
Programming Done.
Verify OK.
Application running ...
Build target 'FLASH'
compiling DlgMainMenu.c...
..\..\BoardSupport\DlgMainMenu.c(53): warning:  #223-D: function "printf" declared implicitly
..\..\BoardSupport\DlgMainMenu.c(80): warning:  #223-D: function "printf" declared implicitly
..\..\BoardSupport\DlgMainMenu.c(95): warning:  #223-D: function "printf" declared implicitly
linking...
Program Size: Code=161844 RO-data=161496 RW-data=1504 ZI-data=7347472  
FromELF: creating hex file...
".\Flash\Project.axf" - 0 Errors, 3 Warning(s).
Load "C:\\Users\\lenovo\\Desktop\\hsd\\Release_1788\\Project\\Keil\\Flash\\Project.axf" 
